........................................................................ [  5%]
........................................................................ [ 10%]
........................................................................ [ 15%]
........................................................................ [ 21%]
........................................................................ [ 26%]
........................................................................ [ 31%]
........................................................................ [ 37%]
........................................................................ [ 42%]
........................................................................ [ 47%]
........................................................................ [ 52%]
........................................................................ [ 58%]
............................................................................................................................. [ 67%]
........................................................................ [ 72%]
........................................................................ [ 77%]
........................................................................ [ 83%]
........................................................................ [ 88%]
........................................................................ [ 93%]
........................................................................ [ 99%]
.............                                                            [100%]
1362 passed, 19 subtests passed in 835.47s (0:13:55)
